###############################################################################
#                                                                             #
# IAR ELF Linker V1.40.1.50106 for STM8                 22/Mar/2016  14:46:02 #
# Copyright 2010-2013 IAR Systems AB.                                         #
#                                                                             #
#    Output file  =  C:\Users\Administrator\Desktop\stm8                      #
#                    demo\TEST\user\Debug\Exe\key_ini.out                     #
#    Map file     =  C:\Users\Administrator\Desktop\stm8                      #
#                    demo\TEST\user\Debug\List\key_ini.map                    #
#    Command line =  "C:\Users\Administrator\Desktop\stm8                     #
#                    demo\TEST\user\Debug\Obj\key_exti.o"                     #
#                    "C:\Users\Administrator\Desktop\stm8                     #
#                    demo\TEST\user\Debug\Obj\led.o"                          #
#                    "C:\Users\Administrator\Desktop\stm8                     #
#                    demo\TEST\user\Debug\Obj\main.o"                         #
#                    "C:\Users\Administrator\Desktop\stm8                     #
#                    demo\TEST\user\Debug\Obj\stm8s_clk.o"                    #
#                    "C:\Users\Administrator\Desktop\stm8                     #
#                    demo\TEST\user\Debug\Obj\stm8s_exti.o"                   #
#                    "C:\Users\Administrator\Desktop\stm8                     #
#                    demo\TEST\user\Debug\Obj\stm8s_gpio.o"                   #
#                    "C:\Users\Administrator\Desktop\stm8                     #
#                    demo\TEST\user\Debug\Obj\stm8s_interruput.o" --redirect  #
#                    _Printf=_PrintfFullNoMb --redirect                       #
#                    _Scanf=_ScanfFullNoMb -o "C:\Users\Administrator\Desktop #
#                    \stm8 demo\TEST\user\Debug\Exe\key_ini.out" --map        #
#                    "C:\Users\Administrator\Desktop\stm8                     #
#                    demo\TEST\user\Debug\List\key_ini.map" --config          #
#                    "C:\Program Files (x86)\IAR Systems\Embedded Workbench   #
#                    6.5\stm8\config\lnkstm8s207r8.icf" --config_def          #
#                    _CSTACK_SIZE=0x100 --config_def _HEAP_SIZE=0x100         #
#                    --entry __iar_program_start --debug_lib                  #
#                                                                             #
#                                                                             #
###############################################################################

*******************************************************************************
*** RUNTIME MODEL ATTRIBUTES
***

__SystemLibrary            = DLib
__code_model               = small
__core                     = stm8
__data_model               = medium
__dlib_file_descriptor     = 0
__dlib_full_locale_support = 0
__rt_version               = 4


*******************************************************************************
*** PLACEMENT SUMMARY
***

"A1":  place at start of [0x000000-0x0000ff] { rw section .vregs };
"A2":  place at end of [0x000000-0x0017ff] { block CSTACK };
"A3":  place at start of [0x008000-0x00ffff] { block INTVEC };
"P3":  place in [from 0x008000 to 0x00ffff] {
          ro section .far.data_init, ro section .far_func.textrw_init,
          ro section .huge.data_init, ro section .huge_func.textrw_init,
          ro section .iar.init_table, ro section .init_array,
          ro section .near.data_init, ro section .near.rodata,
          ro section .near_func.text, ro section .near_func.textrw_init,
          ro section .tiny.data_init, ro section .tiny.rodata_init };

  Section          Kind      Address   Size  Object
  -------          ----      -------   ----  ------
"A1":                                   0xc
  .vregs           uninit   0x000000    0xc  vregs.o [4]
                          - 0x00000c    0xc

"A2":                                 0x100
  CSTACK                    0x001700  0x100  <Block>
    CSTACK         uninit   0x001700  0x100  <Block tail>
                          - 0x001800  0x100

"A3":                                  0x80
  INTVEC                    0x008000   0x80  <Block>
    .intvec        const    0x008000   0x80  interrupt.o [4]
                          - 0x008080   0x80

"P3":                                 0x286
  .near_func.text  ro code  0x008080   0xae  stm8s_gpio.o [1]
  .near_func.text  ro code  0x00812e   0x6d  stm8s_exti.o [1]
  .near_func.text  ro code  0x00819b   0x5d  vreg_util.o [4]
  .near_func.text  ro code  0x0081f8   0x2d  key_exti.o [1]
  .near_func.text  ro code  0x008225   0x24  led.o [1]
  .near_func.text  ro code  0x008249   0x17  init.o [4]
  .near_func.text  ro code  0x008260   0x16  stm8s_interruput.o [1]
  .near_func.text  ro code  0x008276   0x14  __dbg_xxexit.o [3]
  .near_func.text  ro code  0x00828a   0x13  stm8s_clk.o [1]
  .near_func.text  ro code  0x00829d   0x13  cstartup.o [4]
  .near_func.text  ro code  0x0082b0   0x10  main.o [1]
  .near_func.text  ro code  0x0082c0    0x8  led.o [1]
  .near_func.text  ro code  0x0082c8    0x8  led.o [1]
  .near_func.text  ro code  0x0082d0    0x6  char.o [4]
  .near_func.text  ro code  0x0082d6    0x5  cexit.o [4]
  .near_func.text  ro code  0x0082db    0x4  stm8s_gpio.o [1]
  .near_func.text  ro code  0x0082df    0x3  stm8s_gpio.o [1]
  .near_func.text  ro code  0x0082e2    0x3  interrupt.o [4]
  .near_func.text  ro code  0x0082e5    0x3  low_level_init.o [4]
  .near_func.text  ro code  0x0082e8    0x3  exit.o [4]
  .near_func.text  ro code  0x0082eb    0x3  unhandled_exception.o [4]
  .near_func.text  ro code  0x0082ee    0x1  stm8s_interruput.o [1]
  .near_func.text  ro code  0x0082ef    0x1  stm8s_interruput.o [1]
  .near_func.text  ro code  0x0082f0    0x1  stm8s_interruput.o [1]
  .near_func.text  ro code  0x0082f1    0x1  stm8s_interruput.o [1]
  .near_func.text  ro code  0x0082f2    0x1  stm8s_interruput.o [1]
  .near_func.text  ro code  0x0082f3    0x1  stm8s_interruput.o [1]
  .near_func.text  ro code  0x0082f4    0x1  stm8s_interruput.o [1]
  .near_func.text  ro code  0x0082f5    0x1  stm8s_interruput.o [1]
  .near_func.text  ro code  0x0082f6    0x1  stm8s_interruput.o [1]
  .near_func.text  ro code  0x0082f7    0x1  stm8s_interruput.o [1]
  .near_func.text  ro code  0x0082f8    0x1  stm8s_interruput.o [1]
  .near_func.text  ro code  0x0082f9    0x1  stm8s_interruput.o [1]
  .near_func.text  ro code  0x0082fa    0x1  stm8s_interruput.o [1]
  .near_func.text  ro code  0x0082fb    0x1  stm8s_interruput.o [1]
  .near_func.text  ro code  0x0082fc    0x1  stm8s_interruput.o [1]
  .near_func.text  ro code  0x0082fd    0x1  stm8s_interruput.o [1]
  .near_func.text  ro code  0x0082fe    0x1  stm8s_interruput.o [1]
  .near_func.text  ro code  0x0082ff    0x1  stm8s_interruput.o [1]
  .near_func.text  ro code  0x008300    0x1  stm8s_interruput.o [1]
  .near_func.text  ro code  0x008301    0x1  stm8s_interruput.o [1]
  .near_func.text  ro code  0x008302    0x1  stm8s_interruput.o [1]
  .near_func.text  ro code  0x008303    0x1  stm8s_interruput.o [1]
  .near_func.text  ro code  0x008304    0x1  stm8s_interruput.o [1]
  .near_func.text  ro code  0x008305    0x1  __dbg_break.o [3]
                          - 0x008306  0x286



*******************************************************************************
*** MODULE SUMMARY
***

    Module                 ro code  ro data  rw data
    ------                 -------  -------  -------
C:\Users\Administrator\Desktop\stm8 demo\TEST\user\Debug\Obj: [1]
    key_exti.o                  45
    led.o                       52
    main.o                      16
    stm8s_clk.o                 19
    stm8s_exti.o               109
    stm8s_gpio.o               181
    stm8s_interruput.o          45
    ------------------------------------------------
    Total:                     467

command line: [2]
    ------------------------------------------------
    Total:

dbgstm8smd.a: [3]
    __dbg_break.o                1
    __dbg_xxexit.o              20
    ------------------------------------------------
    Total:                      21

dlstm8smn.a: [4]
    cexit.o                      5
    char.o                       6
    cstartup.o                  19
    exit.o                       3
    init.o                      23
    interrupt.o                  3      128
    low_level_init.o             3
    unhandled_exception.o        3
    vreg_util.o                 93
    vregs.o                                       12
    ------------------------------------------------
    Total:                     158      128       12

    Linker created                               256
----------------------------------------------------
    Grand Total:               646      128      268


*******************************************************************************
*** ENTRY LIST
***

Entry                      Address  Size  Type      Object
-----                      -------  ----  ----      ------
?b0                       0x000000        Data  Gb  vregs.o [4]
?b1                       0x000001        Data  Gb  vregs.o [4]
?b10                      0x00000a        Data  Gb  vregs.o [4]
?b11                      0x00000b        Data  Gb  vregs.o [4]
?b2                       0x000002        Data  Gb  vregs.o [4]
?b3                       0x000003        Data  Gb  vregs.o [4]
?b4                       0x000004        Data  Gb  vregs.o [4]
?b5                       0x000005        Data  Gb  vregs.o [4]
?b6                       0x000006        Data  Gb  vregs.o [4]
?b7                       0x000007        Data  Gb  vregs.o [4]
?b8                       0x000008        Data  Gb  vregs.o [4]
?b9                       0x000009        Data  Gb  vregs.o [4]
?e0                       0x000001        Data  Gb  vregs.o [4]
?e1                       0x000005        Data  Gb  vregs.o [4]
?e2                       0x000009        Data  Gb  vregs.o [4]
?l0                       0x000000        Data  Gb  vregs.o [4]
?l1                       0x000004        Data  Gb  vregs.o [4]
?l2                       0x000008        Data  Gb  vregs.o [4]
?pop_l0                   0x0081da        Code  Gb  vreg_util.o [4]
?pop_l1                   0x0081e5        Code  Gb  vreg_util.o [4]
?push_l0                  0x0081b3        Code  Gb  vreg_util.o [4]
?push_l1                  0x0081b8        Code  Gb  vreg_util.o [4]
?push_w4                  0x00819b        Code  Gb  vreg_util.o [4]
?sll8_a_a_5               0x0082d1        Code  Gb  char.o [4]
?sll8_a_a_6               0x0082d0        Code  Gb  char.o [4]
?w0                       0x000000        Data  Gb  vregs.o [4]
?w1                       0x000002        Data  Gb  vregs.o [4]
?w2                       0x000004        Data  Gb  vregs.o [4]
?w3                       0x000006        Data  Gb  vregs.o [4]
?w4                       0x000008        Data  Gb  vregs.o [4]
?w5                       0x00000a        Data  Gb  vregs.o [4]
ADC2_IRQHandler           0x008302   0x1  Code  Gb  stm8s_interruput.o [1]
AWU_IRQHandler            0x0082f0   0x1  Code  Gb  stm8s_interruput.o [1]
CLK_HSIPrescalerConfig    0x00828a  0x13  Code  Gb  stm8s_clk.o [1]
CLK_IRQHandler            0x0082f1   0x1  Code  Gb  stm8s_interruput.o [1]
CSTACK$$Base              0x001700         --   Gb  - Linker created -
CSTACK$$Limit             0x001800         --   Gb  - Linker created -
EEPROM_EEC_IRQHandler     0x008304   0x1  Code  Gb  stm8s_interruput.o [1]
EXIT_KEY_Init             0x0081f8  0x2d  Code  Gb  key_exti.o [1]
EXTI_PORTA_IRQHandler     0x0082f2   0x1  Code  Gb  stm8s_interruput.o [1]
EXTI_PORTB_IRQHandler     0x0082f3   0x1  Code  Gb  stm8s_interruput.o [1]
EXTI_PORTC_IRQHandler     0x0082f4   0x1  Code  Gb  stm8s_interruput.o [1]
EXTI_PORTD_IRQHandler     0x0082f5   0x1  Code  Gb  stm8s_interruput.o [1]
EXTI_PORTE_IRQHandler     0x008260  0x16  Code  Gb  stm8s_interruput.o [1]
EXTI_SetExtIntSensitivity
                          0x00812e  0x6d  Code  Gb  stm8s_exti.o [1]
GPIO_Init                 0x008080  0xae  Code  Gb  stm8s_gpio.o [1]
GPIO_WriteLow             0x0082db   0x4  Code  Gb  stm8s_gpio.o [1]
GPIO_WriteReverse         0x0082df   0x3  Code  Gb  stm8s_gpio.o [1]
I2C_IRQHandler            0x0082ff   0x1  Code  Gb  stm8s_interruput.o [1]
INTVEC$$Base              0x008000         --   Gb  - Linker created -
INTVEC$$Limit             0x008080         --   Gb  - Linker created -
LED1_Open                 0x0082c0   0x8  Code  Gb  led.o [1]
LED1_Toggle               0x0082c8   0x8  Code  Gb  led.o [1]
LED_Init                  0x008225  0x24  Code  Gb  led.o [1]
Region$$Table$$Base     0x00000000         --   Gb  - Linker created -
Region$$Table$$Limit    0x00000000         --   Gb  - Linker created -
SPI_IRQHandler            0x0082f6   0x1  Code  Gb  stm8s_interruput.o [1]
TIM1_CAP_COM_IRQHandler
                          0x0082f8   0x1  Code  Gb  stm8s_interruput.o [1]
TIM1_UPD_OVF_TRG_BRK_IRQHandler
                          0x0082f7   0x1  Code  Gb  stm8s_interruput.o [1]
TIM2_CAP_COM_IRQHandler
                          0x0082fa   0x1  Code  Gb  stm8s_interruput.o [1]
TIM2_UPD_OVF_BRK_IRQHandler
                          0x0082f9   0x1  Code  Gb  stm8s_interruput.o [1]
TIM3_CAP_COM_IRQHandler
                          0x0082fc   0x1  Code  Gb  stm8s_interruput.o [1]
TIM3_UPD_OVF_BRK_IRQHandler
                          0x0082fb   0x1  Code  Gb  stm8s_interruput.o [1]
TIM4_UPD_OVF_IRQHandler
                          0x008303   0x1  Code  Gb  stm8s_interruput.o [1]
TLI_IRQHandler            0x0082ef   0x1  Code  Gb  stm8s_interruput.o [1]
TRAP_IRQHandler           0x0082ee   0x1  Code  Gb  stm8s_interruput.o [1]
UART1_RX_IRQHandler       0x0082fe   0x1  Code  Gb  stm8s_interruput.o [1]
UART1_TX_IRQHandler       0x0082fd   0x1  Code  Gb  stm8s_interruput.o [1]
UART3_RX_IRQHandler       0x008301   0x1  Code  Gb  stm8s_interruput.o [1]
UART3_TX_IRQHandler       0x008300   0x1  Code  Gb  stm8s_interruput.o [1]
__DebugBreak              0x008305   0x1  Code  Gb  __dbg_break.o [3]
__exit                    0x008276  0x14  Code  Gb  __dbg_xxexit.o [3]
__iar_data_init2          0x008249  0x17  Code  Gb  init.o [4]
__iar_program_start       0x00829d        Code  Gb  cstartup.o [4]
__iar_unhandled_exception
                          0x0082eb        Code  Gb  unhandled_exception.o [4]
__intvec                  0x008000        Data  Gb  interrupt.o [4]
__low_level_init          0x0082e5   0x3  Code  Gb  low_level_init.o [4]
_exit                     0x0082d6        Code  Gb  cexit.o [4]
_interrupt_1              0x0082ee        Code  Gb  stm8s_interruput.o [1]
_interrupt_10             0x0082e2        Code  Wk  interrupt.o [4]
_interrupt_11             0x0082e2        Code  Wk  interrupt.o [4]
_interrupt_12             0x0082f6        Code  Gb  stm8s_interruput.o [1]
_interrupt_13             0x0082f7        Code  Gb  stm8s_interruput.o [1]
_interrupt_14             0x0082f8        Code  Gb  stm8s_interruput.o [1]
_interrupt_15             0x0082f9        Code  Gb  stm8s_interruput.o [1]
_interrupt_16             0x0082fa        Code  Gb  stm8s_interruput.o [1]
_interrupt_17             0x0082fb        Code  Gb  stm8s_interruput.o [1]
_interrupt_18             0x0082fc        Code  Gb  stm8s_interruput.o [1]
_interrupt_19             0x0082fd        Code  Gb  stm8s_interruput.o [1]
_interrupt_2              0x0082ef        Code  Gb  stm8s_interruput.o [1]
_interrupt_20             0x0082fe        Code  Gb  stm8s_interruput.o [1]
_interrupt_21             0x0082ff        Code  Gb  stm8s_interruput.o [1]
_interrupt_22             0x008300        Code  Gb  stm8s_interruput.o [1]
_interrupt_23             0x008301        Code  Gb  stm8s_interruput.o [1]
_interrupt_24             0x008302        Code  Gb  stm8s_interruput.o [1]
_interrupt_25             0x008303        Code  Gb  stm8s_interruput.o [1]
_interrupt_26             0x008304        Code  Gb  stm8s_interruput.o [1]
_interrupt_27             0x0082e2        Code  Wk  interrupt.o [4]
_interrupt_28             0x0082e2        Code  Wk  interrupt.o [4]
_interrupt_29             0x0082e2        Code  Wk  interrupt.o [4]
_interrupt_3              0x0082f0        Code  Gb  stm8s_interruput.o [1]
_interrupt_30             0x0082e2        Code  Wk  interrupt.o [4]
_interrupt_31             0x0082e2        Code  Wk  interrupt.o [4]
_interrupt_4              0x0082f1        Code  Gb  stm8s_interruput.o [1]
_interrupt_5              0x0082f2        Code  Gb  stm8s_interruput.o [1]
_interrupt_6              0x0082f3        Code  Gb  stm8s_interruput.o [1]
_interrupt_7              0x0082f4        Code  Gb  stm8s_interruput.o [1]
_interrupt_8              0x0082f5        Code  Gb  stm8s_interruput.o [1]
_interrupt_9              0x008260        Code  Gb  stm8s_interruput.o [1]
exit                      0x0082e8   0x3  Code  Gb  exit.o [4]
main                      0x0082b0  0x10  Code  Gb  main.o [1]


[1] = C:\Users\Administrator\Desktop\stm8 demo\TEST\user\Debug\Obj
[2] = command line
[3] = dbgstm8smd.a
[4] = dlstm8smn.a

  646 bytes of readonly  code memory
  128 bytes of readonly  data memory
  268 bytes of readwrite data memory

Errors: none
Warnings: none
