###############################################################################
#
# IAR C/C++ Compiler V3.10.1.201 for STM8                 08/Oct/2019  17:55:36
# Copyright 2010-2017 IAR Systems AB.
# Standalone license - IAR Embedded Workbench for STMicroelectronics STM8
#
#    Source file  =  
#        E:\workspace\DataSheet\STM8S\STM8S003\stm8 demo\TEST\drive\led.c
#    Command line =  
#        -f C:\Users\John\AppData\Local\Temp\EW4B1C.tmp
#        ("E:\workspace\DataSheet\STM8S\STM8S003\stm8 demo\TEST\drive\led.c" -e
#        -Ol --no_cse --no_unroll --no_inline --no_code_motion --no_tbaa
#        --no_cross_call --debug --code_model small --data_model small -o
#        "E:\workspace\DataSheet\STM8S\STM8S003\stm8 demo\TEST\user\Debug\Obj"
#        --dlib_config "D:\Program Files (x86)\IAR Systems\Embedded Workbench
#        8.0\stm8\LIB\dlstm8ssf.h" -lcN
#        "E:\workspace\DataSheet\STM8S\STM8S003\stm8 demo\TEST\user\Debug\List"
#        -I "E:\workspace\DataSheet\STM8S\STM8S003\stm8
#        demo\TEST\user\..\lib\inc\" -I
#        "E:\workspace\DataSheet\STM8S\STM8S003\stm8
#        demo\TEST\user\..\lib\src\" -I
#        "E:\workspace\DataSheet\STM8S\STM8S003\stm8 demo\TEST\user\..\user\"
#        -I "E:\workspace\DataSheet\STM8S\STM8S003\stm8
#        demo\TEST\user\..\drive\" --vregs 16)
#    Locale       =  Chinese (Simplified)_CHN.936
#    List file    =  
#        E:\workspace\DataSheet\STM8S\STM8S003\stm8
#        demo\TEST\user\Debug\List\led.lst
#    Object file  =  
#        E:\workspace\DataSheet\STM8S\STM8S003\stm8
#        demo\TEST\user\Debug\Obj\led.o
#
###############################################################################

E:\workspace\DataSheet\STM8S\STM8S003\stm8 demo\TEST\drive\led.c
      1          #include "stm8s.h"
      2          #include "led.h"
      3          
      4          
      5          void LED_Init(void)
      6          {
      7            GPIOI->DDR|=0x01;	//设置pi0为输出模式
      8            GPIOI->CR1|=0x01;	//设置pi0为推挽输出
      9            GPIOI->CR2|=0x01;	//设置pi0输出频率为20MHZ
     10            GPIOI->ODR|=0x01;	//初始化pi0为高电平
     11          }
     12          
     13          

   Section sizes:

   Bytes  Function/Label
   -----  --------------
      17  LED_Init

 
 17 bytes in section .near_func.text
 
 17 bytes of CODE memory

Errors: none
Warnings: none
